I'm sorry, but errors were detected in your script. Please correct the
errors listed below, and try again.


File "game/script-ch1.rpy", line 60: expected menuitem
    return
    ^

Ren'Py Version: Ren'Py 7.4.5.1648
Mon Aug  9 15:04:37 2021
